// Jest Snapshot v1, https://goo.gl/fbAQLP

exports[`generates valid JSON 1`] = `
"{
  \\"title\\": \\"spf13-vim 3.0 release and new website\\",
  \\"description\\": \\"spf13-vim is a cross platform distribution of vim plugins and resources for Vim.\\",
  \\"tags\\": [
    \\".vimrc\\",
    \\"plugins\\",
    \\"spf13-vim\\",
    \\"vim\\"
  ],
  \\"date\\": \\"2012-04-06\\",
  \\"categories\\": [
    \\"Development\\",
    \\"VIM\\"
  ],
  \\"slug\\": \\"spf13-vim-3-0-release-and-new-website\\"
}"
`;

exports[`generates valid toml 1`] = `
"+++
title = \\"spf13-vim 3.0 release and new website\\"
description = \\"spf13-vim is a cross platform distribution of vim plugins and resources for Vim.\\"
tags = [\\".vimrc\\", \\"plugins\\", \\"spf13-vim\\", \\"vim\\"]
date = \\"2012-04-06\\"
categories = [\\"Development\\", \\"VIM\\"]
slug = \\"spf13-vim-3-0-release-and-new-website\\"
+++
"
`;

exports[`generates valid yaml 1`] = `
"---
title: spf13-vim 3.0 release and new website
description: >-
  spf13-vim is a cross platform distribution of vim plugins and resources for
  Vim.
tags:
  - .vimrc
  - plugins
  - spf13-vim
  - vim
date: '2012-04-06'
categories:
  - Development
  - VIM
slug: spf13-vim-3-0-release-and-new-website
---
"
`;
